Microchip MPLAB XC8 Compiler V2.32

Linker command line:

-W-3 --edf=D:\MPLAB X IDE\XC8\pic\dat\en_msgs.txt -cn \
  -h+dist/default/production\Projeto_Final.X.production.sym \
  --cmf=dist/default/production\Projeto_Final.X.production.cmf -z -Q18F4520 \
  -oC:\Users\Isaac-PC\AppData\Local\Temp\xcAsd2s.4 --defsym=__MPLAB_BUILD=1 \
  -Mdist/default/production/Projeto_Final.X.production.map -E1 \
  -ver=XC8 Compiler --acfsm=1493 -ASTACK=0380h-05FFh -pstack=STACK \
  -ACODE=00h-07FFFh -ACONST=00h-07FFFh -ASMALLCONST=0600h-06FFhx122 \
  -AMEDIUMCONST=0600h-07FFFh -ACOMRAM=01h-07Fh -AABS1=00h-05FFh \
  -ABIGRAM=01h-05FFh -ARAM=080h-0FFh,0100h-01FFhx5 -ABANK0=080h-0FFh \
  -ABANK1=0100h-01FFh -ABANK2=0200h-02FFh -ABANK3=0300h-03FFh \
  -ABANK4=0400h-04FFh -ABANK5=0500h-05FFh -ASFR=0F80h-0FFFh \
  -ACONFIG=0300000h-030000Dh -AIDLOC=0200000h-0200007h \
  -AEEDATA=0F00000h-0F000FFh -peeprom_data=EEDATA \
  -preset_vec=00h,intcode,intcodelo,powerup,init -pramtop=0600h \
  -psmallconst=SMALLCONST -pmediumconst=MEDIUMCONST -pconst=CONST \
  -AFARRAM=00h-00h \
  -prdata=COMRAM,nvrram=COMRAM,nvbit=COMRAM,rbss=COMRAM,rbit=COMRAM \
  -pfarbss=FARRAM,fardata=FARRAM,nvFARRAM=FARRAM \
  -pintsave_regs=BIGRAM,bigbss=BIGRAM,bigdata=BIGRAM -pbss=RAM \
  -pidata=CODE,irdata=CODE,ibigdata=CODE,ifardata=CODE -prparam=COMRAM \
  C:\Users\Isaac-PC\AppData\Local\Temp\xcAsd2s.o \
  dist/default/production\Projeto_Final.X.production.o 

Object code version is 3.11

Machine type is 18F4520



                Name                               Link     Load   Length Selector   Space Scale
C:\Users\Isaac-PC\AppData\Local\Temp\xcAsd2s.o
                idloc                            200000   200000        8        0       5
                config                           300000   300000        E        0       4
                init                                  0        0        4        0       0
dist/default/production\Projeto_Final.X.production.o
                idloc                            200000   200000        8        0       5
                config                           300000   300000        E        0       4
                smallconst                          600      600       30      300       0
                text27                              630      630      4C0      318       0
                text26                             1D74     1D74      104      318       0
                text25                             1A40     1A40      122      318       0
                text24                             1C6E     1C6E      106      318       0
                text23                             162A     162A      17A      318       0
                text22                             2586     2586        A      318       0
                text21                             257C     257C        A      318       0
                text20                             2564     2564       18      318       0
                text19                             252E     252E       1C      318       0
                text18                             102A     102A      24E      318       0
                text17                             2178     2178       7E      318       0
                text16                              DDC      DDC      24E      318       0
                text15                             21F6     21F6       78      318       0
                text14                             234E     234E       64      318       0
                text13                             2412     2412       54      318       0
                text12                             226E     226E       74      318       0
                text11                             2508     2508       26      318       0
                text10                             22E2     22E2       6C      318       0
                text9                              1904     1904      13C      318       0
                text8                              17A4     17A4      160      318       0
                text7                              1E78     1E78       FA      318       0
                text6                              1278     1278      1DA      318       0
                text5                              2466     2466       4C      318       0
                text4                              1452     1452      1D8      318       0
                text3                              1B62     1B62      10C      318       0
                text2                              24E2     24E2       26      318       0
                text1                              254A     254A       1A      318       0
                text0                               AF0      AF0      2EC      318       0
                cstackCOMRAM                          1        1       6F        1       1
                cstackBANK0                          80       80       3D       80       1
                cstackBANK1                         100      100       81      100       1
                dataBANK3                           300      300       80      300       1
                dataBANK2                           200      200       F0      200       1
                dataBANK1                           181      181       60      100       1
                dataBANK0                            BD       BD       30       80       1
                bssCOMRAM                            70       70        C        1       1
                cinit                              2062     2062       96      318       0
                idataBANK3                         20F8     20F8       80      318       0
                idataBANK2                         1F72     1F72       F0      318       0
                idataBANK1                         23B2     23B2       60      318       0
                idataBANK0                         24B2     24B2       30      318       0

TOTAL           Name                               Link     Load   Length     Space
        CLASS   STACK          

        CLASS   CODE           
                init                                  0        0        4         0
                text27                              630      630      4C0         0
                text26                             1D74     1D74      104         0
                text25                             1A40     1A40      122         0
                text24                             1C6E     1C6E      106         0
                text23                             162A     162A      17A         0
                text22                             2586     2586        A         0
                text21                             257C     257C        A         0
                text20                             2564     2564       18         0
                text19                             252E     252E       1C         0
                text18                             102A     102A      24E         0
                text17                             2178     2178       7E         0
                text16                              DDC      DDC      24E         0
                text15                             21F6     21F6       78         0
                text14                             234E     234E       64         0
                text13                             2412     2412       54         0
                text12                             226E     226E       74         0
                text11                             2508     2508       26         0
                text10                             22E2     22E2       6C         0
                text9                              1904     1904      13C         0
                text8                              17A4     17A4      160         0
                text7                              1E78     1E78       FA         0
                text6                              1278     1278      1DA         0
                text5                              2466     2466       4C         0
                text4                              1452     1452      1D8         0
                text3                              1B62     1B62      10C         0
                text2                              24E2     24E2       26         0
                text1                              254A     254A       1A         0
                text0                               AF0      AF0      2EC         0
                cinit                              2062     2062       96         0
                idataBANK3                         20F8     20F8       80         0
                idataBANK2                         1F72     1F72       F0         0
                idataBANK1                         23B2     23B2       60         0
                idataBANK0                         24B2     24B2       30         0

        CLASS   CONST          

        CLASS   SMALLCONST     
                smallconst                          600      600       30         0

        CLASS   MEDIUMCONST    

        CLASS   COMRAM         
                cstackCOMRAM                          1        1       6F         1
                bssCOMRAM                            70       70        C         1

        CLASS   ABS1           

        CLASS   BIGRAM         

        CLASS   RAM            

        CLASS   BANK0          
                cstackBANK0                          80       80       3D         1
                dataBANK0                            BD       BD       30         1

        CLASS   BANK1          
                cstackBANK1                         100      100       81         1
                dataBANK1                           181      181       60         1

        CLASS   BANK2          
                dataBANK2                           200      200       F0         1

        CLASS   BANK3          
                dataBANK3                           300      300       80         1

        CLASS   BANK4          

        CLASS   BANK5          

        CLASS   SFR            

        CLASS   CONFIG         
                config                           300000   300000        E         4

        CLASS   IDLOC          
                idloc                            200000   200000        8         5

        CLASS   EEDATA         

        CLASS   FARRAM         



SEGMENTS        Name                           Load    Length   Top    Selector   Space  Class

                reset_vec                      000000  000004  000004         0       0  CODE    
                cstackCOMRAM                   000001  00007B  00007C         1       1  COMRAM  
                cstackBANK0                    000080  00006D  0000ED        80       1  BANK0   
                cstackBANK1                    000100  0000E1  0001E1       100       1  BANK1   
                dataBANK2                      000200  0000F0  0002F0       200       1  BANK2   
                dataBANK3                      000300  000080  000380       300       1  BANK3   
                smallconst                     000600  000030  000630       300       0  SMALLCON
                text27                         000630  001F60  002590       318       0  CODE    


UNUSED ADDRESS RANGES

        Name                Unused          Largest block    Delta
        BANK0            0000ED-0000FF               13
        BANK1            0001E1-0001FF               1F
        BANK2            0002F0-0002FF               10
        BANK3            000380-0003FF               80
        BANK4            000400-0004FF              100
        BANK5            000500-0005FF              100
        BIGRAM           00007C-00007F                4
                         0000ED-0000FF               13
                         0001E1-0001FF               1F
                         0002F0-0002FF               10
                         000380-0005FF              280
        CODE             000004-0005FF              5FC
                         002590-007FFF             5A70
        COMRAM           00007C-00007F                4
        CONST            000004-0005FF              5FC
                         002590-007FFF             5A70
        EEDATA           F00000-F000FF              100
        MEDIUMCONST      002590-007FFF             5A70
        RAM              0000ED-0000FF               13
                         0001E1-0001FF               1F
                         0002F0-0002FF               10
                         000380-0005FF              100
        SFR              000F80-000FFF               80
        SMALLCONST       002590-007FFF              100
        STACK            000380-0005FF              280

                                  Symbol Table

?___aldiv                cstackCOMRAM 000001
?___fladd                cstackCOMRAM 000001
?___lwdiv                cstackCOMRAM 000001
?___wmul                 cstackCOMRAM 000001
?_kpRead                 cstackCOMRAM 000001
Delay2ms@i               cstackCOMRAM 000002
Delay40us@i              cstackCOMRAM 000001
_CCP1CON                 (abs)        000FBD
_CCPR1L                  (abs)        000FBE
_Delay2ms                text19       00252E
_Delay40us               text20       002564
_PORTA                   (abs)        000F80
_PORTB                   (abs)        000F81
_PORTC                   (abs)        000F82
_PORTD                   (abs)        000F83
_PORTE                   (abs)        000F84
_PR2                     (abs)        000FCB
_T2CON                   (abs)        000FCA
_TRISA                   (abs)        000F92
_TRISB                   (abs)        000F93
_TRISC                   (abs)        000F94
_TRISD                   (abs)        000F95
_TRISE                   (abs)        000F96
__HRAM                   (abs)        000000
__Habs1                  abs1         000000
__Hbank0                 bank0        000000
__Hbank1                 bank1        000000
__Hbank2                 bank2        000000
__Hbank3                 bank3        000000
__Hbank4                 bank4        000000
__Hbank5                 bank5        000000
__Hbigbss                bigbss       000000
__Hbigdata               bigdata      000000
__Hbigram                bigram       000000
__Hbss                   bss          000000
__HbssCOMRAM             bssCOMRAM    000000
__Hcinit                 cinit        000000
__Hclrtext               clrtext      000000
__Hcomram                comram       000000
__Hconfig                config       30000E
__Hconst                 const        000000
__HcstackBANK0           cstackBANK0  000000
__HcstackBANK1           cstackBANK1  000000
__HcstackCOMRAM          cstackCOMRAM 000000
__Hdata                  data         000000
__HdataBANK0             dataBANK0    000000
__HdataBANK1             dataBANK1    000000
__HdataBANK2             dataBANK2    000000
__HdataBANK3             dataBANK3    000000
__Heeprom_data           eeprom_data  000000
__Hfarbss                farbss       000000
__Hfardata               fardata      000000
__Hibigdata              ibigdata     000000
__Hidata                 idata        000000
__HidataBANK0            idataBANK0   000000
__HidataBANK1            idataBANK1   000000
__HidataBANK2            idataBANK2   000000
__HidataBANK3            idataBANK3   000000
__Hidloc                 idloc        200008
__Hifardata              ifardata     000000
__Hinit                  init         000004
__Hintcode               intcode      000000
__Hintcode_body          intcode_body 000000
__Hintcodelo             intcodelo    000000
__Hintentry              intentry     000000
__Hintret                intret       000000
__Hintsave_regs          intsave_regs 000000
__Hirdata                irdata       000000
__Hmediumconst           mediumconst  000000
__HnvFARRAM              nvFARRAM     000000
__Hnvbit                 nvbit        000000
__Hnvrram                nvrram       000000
__Hparam                 rparam       000000
__Hpowerup               powerup      000000
__Hram                   ram          000000
__Hramtop                ramtop       000600
__Hrbit                  rbit         000000
__Hrbss                  rbss         000000
__Hrdata                 rdata        000000
__Hreset_vec             reset_vec    000000
__Hrparam                rparam       000000
__Hsfr                   sfr          000000
__Hsmallconst            smallconst   000630
__Hspace_0               (abs)        002590
__Hspace_1               (abs)        000380
__Hspace_2               (abs)        000000
__Hspace_4               (abs)        60000E
__Hstack                 stack        000000
__Hstruct                struct       000000
__Htemp                  temp         000000
__Htext                  text         000000
__Htext0                 text0        000000
__Htext1                 text1        000000
__Htext10                text10       000000
__Htext11                text11       000000
__Htext12                text12       000000
__Htext13                text13       000000
__Htext14                text14       000000
__Htext15                text15       000000
__Htext16                text16       000000
__Htext17                text17       000000
__Htext18                text18       000000
__Htext19                text19       000000
__Htext2                 text2        000000
__Htext20                text20       000000
__Htext21                text21       000000
__Htext22                text22       000000
__Htext23                text23       000000
__Htext24                text24       000000
__Htext25                text25       000000
__Htext26                text26       000000
__Htext27                text27       000000
__Htext3                 text3        000000
__Htext4                 text4        000000
__Htext5                 text5        000000
__Htext6                 text6        000000
__Htext7                 text7        000000
__Htext8                 text8        000000
__Htext9                 text9        000000
__LRAM                   (abs)        000001
__Labs1                  abs1         000000
__Lbank0                 bank0        000000
__Lbank1                 bank1        000000
__Lbank2                 bank2        000000
__Lbank3                 bank3        000000
__Lbank4                 bank4        000000
__Lbank5                 bank5        000000
__Lbigbss                bigbss       000000
__Lbigdata               bigdata      000000
__Lbigram                bigram       000000
__Lbss                   bss          000000
__LbssCOMRAM             bssCOMRAM    000000
__Lcinit                 cinit        000000
__Lclrtext               clrtext      000000
__Lcomram                comram       000000
__Lconfig                config       000000
__Lconst                 const        000000
__LcstackBANK0           cstackBANK0  000000
__LcstackBANK1           cstackBANK1  000000
__LcstackCOMRAM          cstackCOMRAM 000000
__Ldata                  data         000000
__LdataBANK0             dataBANK0    000000
__LdataBANK1             dataBANK1    000000
__LdataBANK2             dataBANK2    000000
__LdataBANK3             dataBANK3    000000
__Leeprom_data           eeprom_data  000000
__Lfarbss                farbss       000000
__Lfardata               fardata      000000
__Libigdata              ibigdata     000000
__Lidata                 idata        000000
__LidataBANK0            idataBANK0   000000
__LidataBANK1            idataBANK1   000000
__LidataBANK2            idataBANK2   000000
__LidataBANK3            idataBANK3   000000
__Lidloc                 idloc        000000
__Lifardata              ifardata     000000
__Linit                  init         000000
__Lintcode               intcode      000000
__Lintcode_body          intcode_body 000000
__Lintcodelo             intcodelo    000000
__Lintentry              intentry     000000
__Lintret                intret       000000
__Lintsave_regs          intsave_regs 000000
__Lirdata                irdata       000000
__Lmediumconst           mediumconst  000000
__LnvFARRAM              nvFARRAM     000000
__Lnvbit                 nvbit        000000
__Lnvrram                nvrram       000000
__Lparam                 rparam       000000
__Lpowerup               powerup      000000
__Lram                   ram          000000
__Lramtop                ramtop       000600
__Lrbit                  rbit         000000
__Lrbss                  rbss         000000
__Lrdata                 rdata        000000
__Lreset_vec             reset_vec    000000
__Lrparam                rparam       000000
__Lsfr                   sfr          000000
__Lsmallconst            smallconst   000600
__Lspace_0               (abs)        000000
__Lspace_1               (abs)        000000
__Lspace_2               (abs)        000000
__Lspace_4               (abs)        000000
__Lstack                 stack        000000
__Lstruct                struct       000000
__Ltemp                  temp         000000
__Ltext                  text         000000
__Ltext0                 text0        000000
__Ltext1                 text1        000000
__Ltext10                text10       000000
__Ltext11                text11       000000
__Ltext12                text12       000000
__Ltext13                text13       000000
__Ltext14                text14       000000
__Ltext15                text15       000000
__Ltext16                text16       000000
__Ltext17                text17       000000
__Ltext18                text18       000000
__Ltext19                text19       000000
__Ltext2                 text2        000000
__Ltext20                text20       000000
__Ltext21                text21       000000
__Ltext22                text22       000000
__Ltext23                text23       000000
__Ltext24                text24       000000
__Ltext25                text25       000000
__Ltext26                text26       000000
__Ltext27                text27       000000
__Ltext3                 text3        000000
__Ltext4                 text4        000000
__Ltext5                 text5        000000
__Ltext6                 text6        000000
__Ltext7                 text7        000000
__Ltext8                 text8        000000
__Ltext9                 text9        000000
__S0                     (abs)        002590
__S1                     (abs)        000380
__S2                     (abs)        000000
__S4                     (abs)        000000
__S5                     (abs)        000000
___aldiv                 text3        001B62
___aldiv@counter         cstackCOMRAM 000009
___aldiv@dividend        cstackCOMRAM 000001
___aldiv@divisor         cstackCOMRAM 000005
___aldiv@quotient        cstackCOMRAM 00000B
___aldiv@sign            cstackCOMRAM 00000A
___fladd                 text27       000630
___fladd@a               cstackCOMRAM 000005
___fladd@aexp            cstackCOMRAM 00000E
___fladd@b               cstackCOMRAM 000001
___fladd@bexp            cstackCOMRAM 00000F
___fladd@grs             cstackCOMRAM 000010
___fladd@signs           cstackCOMRAM 00000D
___flge                  text26       001D74
___flge@ff1              cstackCOMRAM 000001
___flge@ff2              cstackCOMRAM 000005
___inthi_sp              stack        000000
___intlo_sp              stack        000000
___lwdiv                 text12       00226E
___lwdiv@counter         cstackCOMRAM 000007
___lwdiv@dividend        cstackCOMRAM 000001
___lwdiv@divisor         cstackCOMRAM 000003
___lwdiv@quotient        cstackCOMRAM 000005
___param_bank            (abs)        000000
___rparam_used           (abs)        000001
___sp                    stack        000000
___wmul                  text11       002508
___wmul@multiplicand     cstackCOMRAM 000003
___wmul@multiplier       cstackCOMRAM 000001
___wmul@product          cstackCOMRAM 000005
__accesstop              (abs)        000080
__activetblptr           (abs)        000002
__end_of_Delay2ms        text19       00254A
__end_of_Delay40us       text20       00257C
__end_of___aldiv         text3        001C6E
__end_of___fladd         text27       000AF0
__end_of___flge          text26       001E78
__end_of___lwdiv         text12       0022E2
__end_of___wmul          text11       00252E
__end_of__initialization cinit        0020EE
__end_of_atraso_ms       text14       0023B2
__end_of_digitalWrite    text18       001278
__end_of_fomeLed         text25       001B62
__end_of_funLed          text24       001D74
__end_of_imprime         text5        0024B2
__end_of_kpDebounce      text23       0017A4
__end_of_kpInit          text22       002590
__end_of_kpRead          text21       002586
__end_of_lcdCommand      text17       0021F6
__end_of_lcdData         text13       002466
__end_of_lcdInit         text15       00226E
__end_of_main            text0        000DDC
__end_of_petFome         text9        001A40
__end_of_petFun          text8        001904
__end_of_petInicio       text7        001F72
__end_of_petNao          text6        001452
__end_of_petX            text4        00162A
__end_of_pinMode         text16       00102A
__end_of_pwmFrequency    text2        002508
__end_of_pwmInit         text1        002564
__end_of_pwmSet          text10       00234E
__end_of_valor@ssd$F207  smallconst   000611
__initialization         cinit        002062
__mediumconst            mediumconst  000000
__pbssCOMRAM             bssCOMRAM    000070
__pcinit                 cinit        002062
__pcstackBANK0           cstackBANK0  000080
__pcstackBANK1           cstackBANK1  000100
__pcstackCOMRAM          cstackCOMRAM 000001
__pdataBANK0             dataBANK0    0000BD
__pdataBANK1             dataBANK1    000181
__pdataBANK2             dataBANK2    000200
__pdataBANK3             dataBANK3    000300
__pidataBANK0            idataBANK0   0024B2
__pidataBANK1            idataBANK1   0023B2
__pidataBANK2            idataBANK2   001F72
__pidataBANK3            idataBANK3   0020F8
__psmallconst            smallconst   000600
__ptext0                 text0        000AF0
__ptext1                 text1        00254A
__ptext10                text10       0022E2
__ptext11                text11       002508
__ptext12                text12       00226E
__ptext13                text13       002412
__ptext14                text14       00234E
__ptext15                text15       0021F6
__ptext16                text16       000DDC
__ptext17                text17       002178
__ptext18                text18       00102A
__ptext19                text19       00252E
__ptext2                 text2        0024E2
__ptext20                text20       002564
__ptext21                text21       00257C
__ptext22                text22       002586
__ptext23                text23       00162A
__ptext24                text24       001C6E
__ptext25                text25       001A40
__ptext26                text26       001D74
__ptext27                text27       000630
__ptext3                 text3        001B62
__ptext4                 text4        001452
__ptext5                 text5        002466
__ptext6                 text6        001278
__ptext7                 text7        001E78
__ptext8                 text8        0017A4
__ptext9                 text9        001904
__ramtop                 ramtop       000600
__size_of_Delay2ms       (abs)        000000
__size_of_Delay40us      (abs)        000000
__size_of___aldiv        (abs)        000000
__size_of___fladd        (abs)        000000
__size_of___flge         (abs)        000000
__size_of___lwdiv        (abs)        000000
__size_of___wmul         (abs)        000000
__size_of_atraso_ms      (abs)        000000
__size_of_digitalWrite   (abs)        000000
__size_of_fomeLed        (abs)        000000
__size_of_funLed         (abs)        000000
__size_of_imprime        (abs)        000000
__size_of_kpDebounce     (abs)        000000
__size_of_kpInit         (abs)        000000
__size_of_kpRead         (abs)        000000
__size_of_lcdCommand     (abs)        000000
__size_of_lcdData        (abs)        000000
__size_of_lcdInit        (abs)        000000
__size_of_main           (abs)        000000
__size_of_petFome        (abs)        000000
__size_of_petFun         (abs)        000000
__size_of_petInicio      (abs)        000000
__size_of_petNao         (abs)        000000
__size_of_petX           (abs)        000000
__size_of_pinMode        (abs)        000000
__size_of_pwmFrequency   (abs)        000000
__size_of_pwmInit        (abs)        000000
__size_of_pwmSet         (abs)        000000
__smallconst             smallconst   000600
_atraso_ms               text14       00234E
_digitalWrite            text18       00102A
_display                 bssCOMRAM    00007A
_fomeLed                 text25       001A40
_funLed                  text24       001C6E
_imprime                 text5        002466
_kpDebounce              text23       00162A
_kpInit                  text22       002586
_kpRead                  text21       00257C
_lcdCommand              text17       002178
_lcdData                 text13       002412
_lcdInit                 text15       0021F6
_main                    text0        000AF0
_petFome                 text9        001904
_petFun                  text8        0017A4
_petInicio               text7        001E78
_petNao                  text6        001278
_petX                    text4        001452
_pinMode                 text16       000DDC
_pwmFrequency            text2        0024E2
_pwmInit                 text1        00254A
_pwmSet                  text10       0022E2
_v0                      bssCOMRAM    000079
_v1                      bssCOMRAM    000078
_v2                      bssCOMRAM    000077
_v3                      bssCOMRAM    000076
_valor                   bssCOMRAM    000074
_valor@ssd$F207          smallconst   000601
atraso_ms@i              cstackCOMRAM 000003
atraso_ms@j              cstackCOMRAM 000005
atraso_ms@k              cstackCOMRAM 000006
atraso_ms@valor          cstackCOMRAM 000001
digitalWrite@pin         cstackCOMRAM 000001
digitalWrite@value       cstackCOMRAM 000003
end_of_initialization    cinit        0020EE
fomeLed@fome             cstackCOMRAM 000003
funLed@fun               cstackCOMRAM 000003
imprime@i                cstackCOMRAM 00000D
imprime@msg              cstackCOMRAM 000009
intlevel0                text         000000
intlevel1                text         000000
intlevel2                text         000000
intlevel3                text         000000
isa$std                  (abs)        000001
isa$xinst                (abs)        000000
kpDebounce@i             cstackCOMRAM 00000A
kpDebounce@j             cstackCOMRAM 000009
kpDebounce@k             cstackCOMRAM 000007
kpDebounce@old_D         cstackCOMRAM 000006
kpDebounce@tempo         bssCOMRAM    00007B
kpDebounce@valorAntigo   bssCOMRAM    000070
kpDebounce@valorNovo     bssCOMRAM    000072
lcdCommand@cmd           cstackCOMRAM 000008
lcdCommand@old_D         cstackCOMRAM 000007
lcdData@old_D            cstackCOMRAM 000008
lcdData@valor            cstackCOMRAM 000007
main@F2464               dataBANK2    000200
main@cont1               cstackBANK0  0000B0
main@cont2               cstackBANK0  0000B2
main@fome                cstackBANK0  0000BA
main@fun                 cstackBANK0  0000BB
main@i                   cstackBANK0  0000BC
main@j                   cstackBANK0  0000B4
main@pet                 cstackBANK0  000080
main@tecla               cstackBANK0  0000B9
main@tempo               cstackBANK0  0000B5
petFome@F2442            dataBANK2    000290
petFome@F2444            dataBANK2    000260
petFome@i                cstackCOMRAM 00006D
petFome@pet_fome1        cstackCOMRAM 00000D
petFome@pet_fome2        cstackCOMRAM 00003D
petFun@F2436             dataBANK3    000340
petFun@F2438             dataBANK3    000300
petFun@i                 cstackBANK1  000180
petFun@pet_fun1          cstackBANK1  000100
petFun@pet_fun2          cstackBANK1  000140
petInicio@F2420          dataBANK0    0000BD
petInicio@F2422          dataBANK1    0001B1
petInicio@i              cstackCOMRAM 000069
petInicio@pet            cstackCOMRAM 000009
petInicio@pet_deitado    cstackCOMRAM 000039
petNao@F2430             dataBANK1    000181
petNao@F2432             dataBANK2    0002C0
petNao@i                 cstackCOMRAM 000069
petNao@pet_nao1          cstackCOMRAM 000009
petNao@pet_nao2          cstackCOMRAM 000039
petX@F2453               dataBANK2    000230
petX@fome                cstackCOMRAM 00003F
petX@fun                 cstackCOMRAM 00000E
petX@i                   cstackCOMRAM 000040
petX@pet_X               cstackCOMRAM 00000F
pinMode@pin              cstackCOMRAM 000001
pinMode@type             cstackCOMRAM 000003
pwmFrequency@freq        cstackCOMRAM 00000F
pwmSet@porcento          cstackCOMRAM 00000A
pwmSet@val               cstackCOMRAM 00000B
stackhi                  (abs)        0005FF
stacklo                  (abs)        000380
start                    init         000000
start_initialization     cinit        002062


MODULE INFORMATION

Module		Function		Class		Link	Load	Size
D:\MPLAB X IDE\XC8\pic\sources\c99\common\sprcadd.c
		___fladd       		CODE           	0630	0000	1216

D:\MPLAB X IDE\XC8\pic\sources\c99\common\sprcadd.c estimated size: 1216

keypad.c
		_kpInit        		CODE           	2586	0000	10
		_kpDebounce    		CODE           	162A	0000	378
		_kpRead        		CODE           	257C	0000	10

keypad.c estimated size: 398

D:\MPLAB X IDE\XC8\pic\sources\c99\common\lwdiv.c
		___lwdiv       		CODE           	226E	0000	116

D:\MPLAB X IDE\XC8\pic\sources\c99\common\lwdiv.c estimated size: 116

D:\MPLAB X IDE\XC8\pic\sources\c99\common\Umul16.c
		___wmul        		CODE           	2508	0000	38

D:\MPLAB X IDE\XC8\pic\sources\c99\common\Umul16.c estimated size: 38

io.c
		_digitalWrite  		CODE           	102A	0000	590
		_pinMode       		CODE           	0DDC	0000	590

io.c estimated size: 1180

D:\MPLAB X IDE\XC8\pic\sources\c99\common\aldiv.c
		___aldiv       		CODE           	1B62	0000	268

D:\MPLAB X IDE\XC8\pic\sources\c99\common\aldiv.c estimated size: 268

pwm.c
		_pwmInit       		CODE           	254A	0000	26
		_pwmFrequency  		CODE           	24E2	0000	38
		_pwmSet        		CODE           	22E2	0000	108

pwm.c estimated size: 172

atraso.c
		_atraso_ms     		CODE           	234E	0000	100

atraso.c estimated size: 100

shared
		_valor@ssd$F207		SMALLCONST     	0601	0000	16
		__initialization		CODE           	2062	0000	140

shared estimated size: 156

lcd.c
		_lcdCommand    		CODE           	2178	0000	126
		_Delay40us     		CODE           	2564	0000	24
		_lcdInit       		CODE           	21F6	0000	120
		_lcdData       		CODE           	2412	0000	84
		_Delay2ms      		CODE           	252E	0000	28

lcd.c estimated size: 382

D:\MPLAB X IDE\XC8\pic\sources\c99\common\flge.c
		___flge        		CODE           	1D74	0000	260

D:\MPLAB X IDE\XC8\pic\sources\c99\common\flge.c estimated size: 260

main.c
		_petNao        		CODE           	1278	0000	474
		_imprime       		CODE           	2466	0000	76
		_main          		CODE           	0AF0	0000	748
		_petFun        		CODE           	17A4	0000	352
		_petFome       		CODE           	1904	0000	316
		_fomeLed       		CODE           	1A40	0000	290
		_funLed        		CODE           	1C6E	0000	262
		_petInicio     		CODE           	1E78	0000	250
		_petX          		CODE           	1452	0000	472

main.c estimated size: 3240

